[debug] [2026-09-30T23:28:06.366Z] ----------------------------------------------------------------------
[debug] [2026-09-30T23:28:06.368Z] Command:       C:\Program Files\nodejs\node.exe C:\Users\Vinicius Santos\AppData\Roaming\npm\node_modules\firebase-tools\lib\bin\firebase.js emulators:start --only functions
[debug] [2026-09-30T23:28:06.368Z] CLI Version:   15.29.0
[debug] [2026-09-30T23:28:06.369Z] Platform:      win32
[debug] [2026-09-30T23:28:06.369Z] Node Version:  v22.21.1
[debug] [2026-09-30T23:28:06.369Z] Detected Agent: unknown
[debug] [2026-09-30T23:28:06.369Z] Time:          Wed Sep 30 2026 20:28:06 GMT-0300 (Horário Padrão de Brasília)
[debug] [2026-09-30T23:28:06.369Z] ----------------------------------------------------------------------
[debug] 
[debug] [2026-09-30T23:28:07.578Z] > command requires scopes: ["email","openid","https://www.googleapis.com/auth/cloudplatformprojects.readonly","https://www.googleapis.com/auth/firebase","https://www.googleapis.com/auth/cloud-platform"]
[debug] [2026-09-30T23:28:07.578Z] > authorizing via signed-in user (vinidiassantos@gmail.com)
[info] i  emulators: Starting emulators: functions {"metadata":{"emulator":{"name":"hub"},"message":"Starting emulators: functions"}}
[debug] [2026-09-30T23:28:07.585Z] [logging] Logging Emulator only supports listening on one address (127.0.0.1). Not listening on ::1
[debug] [2026-09-30T23:28:07.585Z] assigned listening specs for emulators {"user":{"hub":[{"address":"127.0.0.1","family":"IPv4","port":9202},{"address":"::1","family":"IPv6","port":9202}],"ui":[{"address":"127.0.0.1","family":"IPv4","port":9201},{"address":"::1","family":"IPv6","port":9201}],"logging":[{"address":"127.0.0.1","family":"IPv4","port":9203}]},"metadata":{"message":"assigned listening specs for emulators"}}
[debug] [2026-09-30T23:28:07.590Z] Write emulator hub locator at C:\Users\VINICI~1\AppData\Local\Temp\hub-vigia-pet.json
[debug] [2026-09-30T23:28:07.601Z] [functions] Functions Emulator only supports listening on one address (127.0.0.1). Not listening on ::1
[debug] [2026-09-30T23:28:07.601Z] [eventarc] Eventarc Emulator only supports listening on one address (127.0.0.1). Not listening on ::1
[debug] [2026-09-30T23:28:07.601Z] [tasks] Cloud Tasks Emulator only supports listening on one address (127.0.0.1). Not listening on ::1
[debug] [2026-09-30T23:28:07.602Z] late-assigned ports for functions and eventarc emulators {"user":{"hub":[{"address":"127.0.0.1","family":"IPv4","port":9202},{"address":"::1","family":"IPv6","port":9202}],"ui":[{"address":"127.0.0.1","family":"IPv4","port":9201},{"address":"::1","family":"IPv6","port":9201}],"logging":[{"address":"127.0.0.1","family":"IPv4","port":9203}],"functions":[{"address":"127.0.0.1","family":"IPv4","port":9200}],"eventarc":[{"address":"127.0.0.1","family":"IPv4","port":9299}],"tasks":[{"address":"127.0.0.1","family":"IPv4","port":9499}]},"metadata":{"message":"late-assigned ports for functions and eventarc emulators"}}
[warn] !  functions: The following emulators are not running, calls to these services from the Functions emulator will affect production: apphosting, auth, firestore, database, hosting, pubsub, storage, dataconnect {"metadata":{"emulator":{"name":"functions"},"message":"The following emulators are not running, calls to these services from the Functions emulator will affect production: \u001b[1mapphosting, auth, firestore, database, hosting, pubsub, storage, dataconnect\u001b[22m"}}
[debug] [2026-09-30T23:28:07.635Z] defaultcredentials: writing to file C:\Users\Vinicius Santos\AppData\Roaming\firebase\vinidiassantos_gmail_com_application_default_credentials.json
[debug] [2026-09-30T23:28:07.652Z] Setting GAC to C:\Users\Vinicius Santos\AppData\Roaming\firebase\vinidiassantos_gmail_com_application_default_credentials.json {"metadata":{"emulator":{"name":"functions"},"message":"Setting GAC to C:\\Users\\Vinicius Santos\\AppData\\Roaming\\firebase\\vinidiassantos_gmail_com_application_default_credentials.json"}}
[debug] [2026-09-30T23:28:07.655Z] Checked if tokens are valid: false, expires at: 1790122621852
[debug] [2026-09-30T23:28:07.655Z] Checked if tokens are valid: false, expires at: 1790122621852
[debug] [2026-09-30T23:28:07.655Z] > refreshing access token with scopes: []
[debug] [2026-09-30T23:28:07.659Z] >>> [apiv2][query] POST https://www.googleapis.com/oauth2/v3/token [none]
[debug] [2026-09-30T23:28:07.659Z] >>> [apiv2][body] POST https://www.googleapis.com/oauth2/v3/token [omitted]
[debug] [2026-09-30T23:28:26.561Z] <<< [apiv2][status] POST https://www.googleapis.com/oauth2/v3/token 200
[debug] [2026-09-30T23:28:26.562Z] <<< [apiv2][body] POST https://www.googleapis.com/oauth2/v3/token [omitted]
[debug] [2026-09-30T23:28:26.588Z] >>> [apiv2][query] GET https://firebase.googleapis.com/v1beta1/projects/vigia-pet/adminSdkConfig [none]
[debug] [2026-09-30T23:28:27.050Z] <<< [apiv2][status] GET https://firebase.googleapis.com/v1beta1/projects/vigia-pet/adminSdkConfig 200
[debug] [2026-09-30T23:28:27.050Z] <<< [apiv2][body] GET https://firebase.googleapis.com/v1beta1/projects/vigia-pet/adminSdkConfig {"projectId":"vigia-pet","storageBucket":"vigia-pet.firebasestorage.app"}
[info] i  functions: Watching "C:\Users\Vinicius Santos\Documents\GitHub\Vigia Pet\backend\functions" for Cloud Functions... {"metadata":{"emulator":{"name":"functions"},"message":"Watching \"C:\\Users\\Vinicius Santos\\Documents\\GitHub\\Vigia Pet\\backend\\functions\" for Cloud Functions..."}}
[debug] [2026-09-30T23:28:27.091Z] Validating nodejs source
[warn] !  functions: package.json indicates an outdated version of firebase-functions. Please upgrade using npm install --save firebase-functions@latest in your functions directory. 
[warn] !  functions: Please note that there will be breaking changes when you upgrade. 
[debug] [2026-09-30T23:28:28.231Z] > [functions] package.json contents: {
  "name": "functions",
  "description": "Cloud Functions para VIGIA PET",
  "scripts": {
    "serve": "firebase emulators:start --only functions",
    "shell": "firebase functions:shell",
    "start": "npm run shell",
    "deploy": "firebase deploy --only functions",
    "logs": "firebase functions:log"
  },
  "engines": {
    "node": "18"
  },
  "main": "index.js",
  "dependencies": {
    "firebase-admin": "^11.8.0",
    "firebase-functions": "^4.3.1",
    "@google/generative-ai": "^0.1.0",
    "dotenv": "^16.3.1"
  },
  "devDependencies": {
    "firebase-functions-test": "^3.1.0"
  },
  "private": true
}
[debug] [2026-09-30T23:28:28.231Z] Building nodejs source
[debug] [2026-09-30T23:28:28.231Z] Failed to find version of module node: reached end of search path C:\Users\Vinicius Santos\Documents\GitHub\Vigia Pet\backend\functions\node_modules
[warn] !  functions: Your requested "node" version "18" doesn't match your global version "22". Using node@22 from host. 
[info] i  functions: Loaded environment variables from backend\functions\.env 
[info] i  functions: You are using a version of firebase-functions SDK (4.9.0) that does not have support for the newest Firebase Extensions features. Please update firebase-functions SDK to >=5.1.0 to use them correctly 
[debug] [2026-09-30T23:28:28.234Z] Could not find functions.yaml. Must use http discovery
[debug] [2026-09-30T23:28:28.239Z] Found firebase-functions binary at 'C:\Users\Vinicius Santos\Documents\GitHub\Vigia Pet\backend\functions\node_modules\.bin\firebase-functions'
[info] Serving at port 8755

[error] Error: Cannot find module '@google/genai'
Require stack:
- C:\Users\Vinicius Santos\Documents\GitHub\Vigia Pet\backend\functions\index.js
- C:\Users\Vinicius Santos\Documents\GitHub\Vigia Pet\backend\functions\node_modules\firebase-functions\lib\runtime\loader.js
- C:\Users\Vinicius Santos\Documents\GitHub\Vigia Pet\backend\functions\node_modules\firebase-functions\lib\bin\firebase-functions.js
    at Function._resolveFilename (node:internal/modules/cjs/loader:1383:15)
    at defaultResolveImpl (node:internal/modules/cjs/loader:1025:19)
    at resolveForCJSWithHooks (node:internal/modules/cjs/loader:1030:22)
    at Function._load (node:internal/modules/cjs/loader:1192:37)
    at TracingChannel.traceSync (node:diagnostics_channel:328:14)
    at wrapModuleLoad (node:internal/modules/cjs/loader:237:24)
    at Module.require (node:internal/modules/cjs/loader:1463:12)
    at require (node:internal/modules/helpers:147:16)
    at Object.<anonymous> (C:\Users\Vinicius Santos\Documents\GitHub\Vigia Pet\backend\functions\index.js:3:25)
    at Module._compile (node:internal/modules/cjs/loader:1706:14) {
  code: 'MODULE_NOT_FOUND',
  requireStack: [
    'C:\\Users\\Vinicius Santos\\Documents\\GitHub\\Vigia Pet\\backend\\functions\\index.js',
    'C:\\Users\\Vinicius Santos\\Documents\\GitHub\\Vigia Pet\\backend\\functions\\node_modules\\firebase-functions\\lib\\runtime\\loader.js',
    'C:\\Users\\Vinicius Santos\\Documents\\GitHub\\Vigia Pet\\backend\\functions\\node_modules\\firebase-functions\\lib\\bin\\firebase-functions.js'
  ]
}

[debug] [2026-09-30T23:28:35.776Z] Got response code 400; body Failed to generate manifest from function source: Error: Cannot find module '@google/genai'
Require stack:
- C:\Users\Vinicius Santos\Documents\GitHub\Vigia Pet\backend\functions\index.js
- C:\Users\Vinicius Santos\Documents\GitHub\Vigia Pet\backend\functions\node_modules\firebase-functions\lib\runtime\loader.js
- C:\Users\Vinicius Santos\Documents\GitHub\Vigia Pet\backend\functions\node_modules\firebase-functions\lib\bin\firebase-functions.js
[error] !!  functions: Failed to load function definition from source: FirebaseError: Functions codebase could not be analyzed successfully. It may have a syntax or runtime error {"metadata":{"emulator":{"name":"functions"},"message":"Failed to load function definition from source: FirebaseError: Functions codebase could not be analyzed successfully. It may have a syntax or runtime error"}}
[debug] [2026-09-30T23:28:38.819Z] Could not find VSCode notification endpoint: TypeError: fetch failed. If you are not running the Firebase SQL Connect VSCode extension, this is expected and not an issue.
[info] 
┌─────────────────────────────────────────────────────────────┐
│ ✔  All emulators ready! It is now safe to connect your app. │
│ i  View Emulator UI at http://127.0.0.1:9201/               │
└─────────────────────────────────────────────────────────────┘

┌───────────┬────────────────┬─────────────────────────────────┐
│ Emulator  │ Host:Port      │ View in Emulator UI             │
├───────────┼────────────────┼─────────────────────────────────┤
│ Functions │ 127.0.0.1:9200 │ http://127.0.0.1:9201/functions │
└───────────┴────────────────┴─────────────────────────────────┘
  Emulator Hub host: 127.0.0.1 port: 9202
  Other reserved ports: 9203

Issues? Report them at https://github.com/firebase/firebase-tools/issues and attach the *-debug.log files.
 
