**********************
Início da transcrição do Windows PowerShell
Hora de início: 20260915195425
Nome de Usuário: DESKTOP-HDN3TTU\Vinicius Santos
Executar como Usuário: DESKTOP-HDN3TTU\Vinicius Santos
Nome da Configuração: 
Computador: DESKTOP-HDN3TTU (Microsoft Windows NT 10.0.26200.0)
Aplicativo Host: powershell -ExecutionPolicy Bypass -NoProfile -File C:\Users\Vinicius Santos\Documents\GitHub\Vigia Pet\BehaveAI-main\Windows_Launcher_ps.ps1
ID do Processo: 7968
PSVersion: 5.1.26100.9278
PSEdition: Desktop
PSCompatibleVersions: 1.0, 2.0, 3.0, 4.0, 5.0, 5.1.26100.9278
BuildVersion: 10.0.26100.9278
CLRVersion: 4.0.30319.42000
WSManStackVersion: 3.0
PSRemotingProtocolVersion: 2.3
SerializationVersion: 1.1.0.1
**********************
Transcrição iniciada, o arquivo de saída é C:\Users\Vinicius Santos\Documents\GitHub\Vigia Pet\BehaveAI-main\Windows_Launcher_ps.log
=== Windows_Launcher_ps.ps1 starting ===

== Ultralytics bootstrap for Windows: installing python packages into venv ==
Found Python command: py -3
Using Python launcher: py -3
Python version: Python 3.12.3
Creating virtualenv at C:\Users\Vinicius Santos\ultralytics-venv (if missing)...
Transcrição iniciada, o arquivo de saída é C:\Users\Vinicius Santos\Documents\GitHub\Vigia Pet\BehaveAI-main\Windows_Launcher_ps.log
=== Windows_Launcher_ps.ps1 starting ===

Environment not ready. Install Python + libraries and create venv now? (Y/N): y
== Ultralytics bootstrap for Windows: installing python packages into venv ==
Found Python command: py -3
Using Python launcher: py -3
Python version: Python 3.12.3
Creating virtualenv at C:\Users\Vinicius Santos\ultralytics-venv (if missing)...
Virtualenv python path: C:\Users\Vinicius Santos\ultralytics-venv\Scripts\python.exe
Virtualenv Python version: Python 3.12.3
Upgrading pip, setuptools, wheel inside venv...
Requirement already satisfied: pip in c:\users\vinicius santos\ultralytics-venv\lib\site-packages (24.0)
Collecting pip
  Downloading pip-26.2.1-py3-none-any.whl.metadata (4.6 kB)
Collecting setuptools
  Downloading setuptools-84.0.0-py3-none-any.whl.metadata (6.6 kB)
Collecting wheel
  Using cached wheel-0.48.0-py3-none-any.whl.metadata (2.3 kB)
Collecting packaging>=24.0 (from wheel)
  Downloading packaging-26.3-py3-none-any.whl.metadata (3.5 kB)
Downloading pip-26.2.1-py3-none-any.whl (1.8 MB)
   ━━━━━━━━━━━━━━━━━━━━━━━━━━━━━━━━━━━━━━━━ 1.8/1.8 MB 6.8 MB/s eta 0:00:00
Downloading setuptools-84.0.0-py3-none-any.whl (818 kB)
   ━━━━━━━━━━━━━━━━━━━━━━━━━━━━━━━━━━━━━━━━ 818.2/818.2 kB 7.4 MB/s eta 0:00:00
Using cached wheel-0.48.0-py3-none-any.whl (33 kB)
Downloading packaging-26.3-py3-none-any.whl (129 kB)
   ━━━━━━━━━━━━━━━━━━━━━━━━━━━━━━━━━━━━━━━━ 130.0/130.0 kB 7.5 MB/s eta 0:00:00
Installing collected packages: setuptools, pip, packaging, wheel
  Attempting uninstall: pip
    Found existing installation: pip 24.0
    Uninstalling pip-24.0:
      Successfully uninstalled pip-24.0
Successfully installed packaging-26.3 pip-26.2.1 setuptools-84.0.0 wheel-0.48.0

Checking for NVIDIA GPU...

PyTorch install options:
  1) CPU-only (recommended default)
  2) Auto-detect NVIDIA GPU and pick a compatible CUDA wheel (requires NVIDIA driver)
  3) Manually pick a CUDA wheel (advanced users)
Selected: cpu
Installing CPU-only PyTorch...
Downloading markupsafe-3.0.3-cp312-cp312-win_amd64.whl (15 kB)
Using cached numpy-2.5.2-cp312-cp312-win_amd64.whl (12.5 MB)
Installing collected packages: torchaudio, mpmath, typing-extensions, sympy, pillow, numpy, networkx, MarkupSafe, fsspec, filelock, jinja2, torch, torchvision
Successfully installed MarkupSafe-3.0.3 filelock-3.32.3 fsspec-2026.7.0 jinja2-3.1.6 mpmath-1.3.0 networkx-3.6.1 numpy-2.5.2 pillow-12.3.0 sympy-1.14.0 torch-2.14.0+cpu torchaudio-2.11.0+cpu torchvision-0.29.0
+cpu typing-extensions-4.16.0
Installing ultralytics and common dependencies inside venv...


Verifying important imports inside the venv (this may take a moment)...
Creating new Ultralytics Settings v0.0.8 file
View Ultralytics Settings with 'yolo settings' or at 'C:\Users\Vinicius Santos\AppData\Roaming\Ultralytics\settings.json'
Update Settings with 'yolo settings key=value', i.e. 'yolo settings runs_dir=path/to/dir'. For help see https://docs.ultralytics.com/usage/settings.
ultralytics OK
ultralytics import: SUCCESS
torch OK 2.14.0+cpu
torch import: SUCCESS
cv2 OK 4.11.0
cv2 import: SUCCESS
Bootstrap complete.
Running ./BehaveAI.py in C:\Users\Vinicius Santos\Documents\GitHub\Vigia Pet\BehaveAI-main

BehaveAI.py exited with code 0
**********************
Fim da transcrição do Windows PowerShell
Hora de término: 20260915201341
**********************
