[debug] [2026-09-15T11:59:11.225Z] ----------------------------------------------------------------------
[debug] [2026-09-15T11:59:11.227Z] Command:       C:\Program Files\nodejs\node.exe C:\Users\Vinicius Santos\AppData\Roaming\npm\node_modules\firebase-tools\lib\bin\firebase.js emulators:start --only functions
[debug] [2026-09-15T11:59:11.228Z] CLI Version:   15.29.0
[debug] [2026-09-15T11:59:11.228Z] Platform:      win32
[debug] [2026-09-15T11:59:11.228Z] Node Version:  v22.21.1
[debug] [2026-09-15T11:59:11.228Z] Detected Agent: unknown
[debug] [2026-09-15T11:59:11.228Z] Time:          Tue Sep 15 2026 08:59:11 GMT-0300 (Horário Padrão de Brasília)
[debug] [2026-09-15T11:59:11.228Z] ----------------------------------------------------------------------
[debug] 
[debug] [2026-09-15T11:59:12.085Z] > command requires scopes: ["email","openid","https://www.googleapis.com/auth/cloudplatformprojects.readonly","https://www.googleapis.com/auth/firebase","https://www.googleapis.com/auth/cloud-platform"]
[debug] [2026-09-15T11:59:12.085Z] > authorizing via signed-in user (vinidiassantos@gmail.com)
[info] i  emulators: Starting emulators: functions {"metadata":{"emulator":{"name":"hub"},"message":"Starting emulators: functions"}}
[debug] [2026-09-15T11:59:12.093Z] [logging] Logging Emulator only supports listening on one address (127.0.0.1). Not listening on ::1
[debug] [2026-09-15T11:59:12.093Z] assigned listening specs for emulators {"user":{"hub":[{"address":"127.0.0.1","family":"IPv4","port":4401},{"address":"::1","family":"IPv6","port":4401}],"ui":[{"address":"127.0.0.1","family":"IPv4","port":5000},{"address":"::1","family":"IPv6","port":5000}],"logging":[{"address":"127.0.0.1","family":"IPv4","port":4501}]},"metadata":{"message":"assigned listening specs for emulators"}}
[debug] [2026-09-15T11:59:12.098Z] Write emulator hub locator at C:\Users\VINICI~1\AppData\Local\Temp\hub-vigia-pet.json
[debug] [2026-09-15T11:59:12.116Z] [functions] Functions Emulator only supports listening on one address (127.0.0.1). Not listening on ::1
[debug] [2026-09-15T11:59:12.116Z] [eventarc] Eventarc Emulator only supports listening on one address (127.0.0.1). Not listening on ::1
[debug] [2026-09-15T11:59:12.116Z] [tasks] Cloud Tasks Emulator only supports listening on one address (127.0.0.1). Not listening on ::1
[debug] [2026-09-15T11:59:12.116Z] late-assigned ports for functions and eventarc emulators {"user":{"hub":[{"address":"127.0.0.1","family":"IPv4","port":4401},{"address":"::1","family":"IPv6","port":4401}],"ui":[{"address":"127.0.0.1","family":"IPv4","port":5000},{"address":"::1","family":"IPv6","port":5000}],"logging":[{"address":"127.0.0.1","family":"IPv4","port":4501}],"functions":[{"address":"127.0.0.1","family":"IPv4","port":2001}],"eventarc":[{"address":"127.0.0.1","family":"IPv4","port":9299}],"tasks":[{"address":"127.0.0.1","family":"IPv4","port":9499}]},"metadata":{"message":"late-assigned ports for functions and eventarc emulators"}}
[warn] !  functions: The following emulators are not running, calls to these services from the Functions emulator will affect production: apphosting, auth, firestore, database, hosting, pubsub, storage, dataconnect {"metadata":{"emulator":{"name":"functions"},"message":"The following emulators are not running, calls to these services from the Functions emulator will affect production: \u001b[1mapphosting, auth, firestore, database, hosting, pubsub, storage, dataconnect\u001b[22m"}}
[debug] [2026-09-15T11:59:12.132Z] defaultcredentials: writing to file C:\Users\Vinicius Santos\AppData\Roaming\firebase\vinidiassantos_gmail_com_application_default_credentials.json
[debug] [2026-09-15T11:59:12.135Z] Setting GAC to C:\Users\Vinicius Santos\AppData\Roaming\firebase\vinidiassantos_gmail_com_application_default_credentials.json {"metadata":{"emulator":{"name":"functions"},"message":"Setting GAC to C:\\Users\\Vinicius Santos\\AppData\\Roaming\\firebase\\vinidiassantos_gmail_com_application_default_credentials.json"}}
[debug] [2026-09-15T11:59:12.136Z] Checked if tokens are valid: true, expires at: 1789476894857
[debug] [2026-09-15T11:59:12.136Z] Checked if tokens are valid: true, expires at: 1789476894857
[debug] [2026-09-15T11:59:12.137Z] >>> [apiv2][query] GET https://firebase.googleapis.com/v1beta1/projects/vigia-pet/adminSdkConfig [none]
[debug] [2026-09-15T11:59:12.603Z] <<< [apiv2][status] GET https://firebase.googleapis.com/v1beta1/projects/vigia-pet/adminSdkConfig 200
[debug] [2026-09-15T11:59:12.603Z] <<< [apiv2][body] GET https://firebase.googleapis.com/v1beta1/projects/vigia-pet/adminSdkConfig {"projectId":"vigia-pet","storageBucket":"vigia-pet.firebasestorage.app"}
[info] i  functions: Watching "C:\Users\Vinicius Santos\Documents\GitHub\Vigia Pet\backend\functions" for Cloud Functions... {"metadata":{"emulator":{"name":"functions"},"message":"Watching \"C:\\Users\\Vinicius Santos\\Documents\\GitHub\\Vigia Pet\\backend\\functions\" for Cloud Functions..."}}
[debug] [2026-09-15T11:59:12.641Z] Validating nodejs source
[warn] !  functions: package.json indicates an outdated version of firebase-functions. Please upgrade using npm install --save firebase-functions@latest in your functions directory. 
[warn] !  functions: Please note that there will be breaking changes when you upgrade. 
[debug] [2026-09-15T11:59:13.536Z] > [functions] package.json contents: {
  "name": "functions",
  "description": "Cloud Functions para VIGIA PET",
  "scripts": {
    "serve": "firebase emulators:start --only functions",
    "shell": "firebase functions:shell",
    "start": "npm run shell",
    "deploy": "firebase deploy --only functions",
    "logs": "firebase functions:log"
  },
  "engines": {
    "node": "18"
  },
  "main": "index.js",
  "dependencies": {
    "firebase-admin": "^11.8.0",
    "firebase-functions": "^4.3.1",
    "@google/generative-ai": "^0.1.0",
    "dotenv": "^16.3.1"
  },
  "devDependencies": {
    "firebase-functions-test": "^3.1.0"
  },
  "private": true
}
[debug] [2026-09-15T11:59:13.536Z] Building nodejs source
[debug] [2026-09-15T11:59:13.536Z] Failed to find version of module node: reached end of search path C:\Users\Vinicius Santos\Documents\GitHub\Vigia Pet\backend\functions\node_modules
[warn] !  functions: Your requested "node" version "18" doesn't match your global version "22". Using node@22 from host. 
[info] i  functions: Loaded environment variables from backend\functions\.env 
[info] i  functions: You are using a version of firebase-functions SDK (4.9.0) that does not have support for the newest Firebase Extensions features. Please update firebase-functions SDK to >=5.1.0 to use them correctly 
[debug] [2026-09-15T11:59:13.540Z] Could not find functions.yaml. Must use http discovery
[debug] [2026-09-15T11:59:13.547Z] Found firebase-functions binary at 'C:\Users\Vinicius Santos\Documents\GitHub\Vigia Pet\backend\functions\node_modules\.bin\firebase-functions'
[info] Serving at port 8686

[info] 🔑 GEMINI_API_KEY carregada: ✅ Sim

[info] ✅ Functions carregadas!

[debug] [2026-09-15T11:59:14.463Z] Got response from /__/functions.yaml {"endpoints":{"analisarVideo":{"platform":"gcfv1","labels":{},"availableMemoryMb":null,"timeoutSeconds":null,"minInstances":null,"maxInstances":null,"ingressSettings":null,"serviceAccountEmail":null,"vpc":null,"callableTrigger":{},"entryPoint":"analisarVideo"}},"specVersion":"v1alpha1","requiredAPIs":[]}
[info] +  functions: Loaded functions definitions from source: analisarVideo. {"metadata":{"emulator":{"name":"functions"},"message":"Loaded functions definitions from source: analisarVideo."}}
[info] +  functions[us-central1-analisarVideo]: http function initialized (http://127.0.0.1:2001/vigia-pet/us-central1/analisarVideo). {"metadata":{"emulator":{"name":"functions"},"message":"\u001b[1mhttp\u001b[22m function initialized (http://127.0.0.1:2001/vigia-pet/us-central1/analisarVideo)."}}
[debug] [2026-09-15T11:59:17.511Z] Could not find VSCode notification endpoint: TypeError: fetch failed. If you are not running the Firebase SQL Connect VSCode extension, this is expected and not an issue.
[info] 
┌─────────────────────────────────────────────────────────────┐
│ ✔  All emulators ready! It is now safe to connect your app. │
│ i  View Emulator UI at http://127.0.0.1:5000/               │
└─────────────────────────────────────────────────────────────┘

┌───────────┬────────────────┬─────────────────────────────────┐
│ Emulator  │ Host:Port      │ View in Emulator UI             │
├───────────┼────────────────┼─────────────────────────────────┤
│ Functions │ 127.0.0.1:2001 │ http://127.0.0.1:5000/functions │
└───────────┴────────────────┴─────────────────────────────────┘
  Emulator Hub host: 127.0.0.1 port: 4401
  Other reserved ports: 4501

Issues? Report them at https://github.com/firebase/firebase-tools/issues and attach the *-debug.log files.
 
[debug] [2026-09-15T11:59:23.446Z] [work-queue] {"queuedWork":["/vigia-pet/us-central1/analisarVideo-2026-09-15T11:59:23.446Z"],"queueLength":1,"runningWork":[],"workRunningCount":0}
[debug] [2026-09-15T11:59:23.447Z] [work-queue] {"queuedWork":[],"queueLength":0,"runningWork":["/vigia-pet/us-central1/analisarVideo-2026-09-15T11:59:23.446Z"],"workRunningCount":1}
[debug] [2026-09-15T11:59:23.448Z] Accepted request POST /vigia-pet/us-central1/analisarVideo --> us-central1-analisarVideo
[debug] [2026-09-15T11:59:23.451Z] [functions] Runtime ready! Sending request! {"metadata":{"emulator":{"name":"functions"},"message":"[functions] Runtime ready! Sending request!"}}
[debug] [2026-09-15T11:59:23.452Z] [functions] Got req.url=/vigia-pet/us-central1/analisarVideo, mapping to path=/ {"metadata":{"emulator":{"name":"functions"},"message":"[functions] Got req.url=/vigia-pet/us-central1/analisarVideo, mapping to path=/"}}
[info] i  functions: Loaded environment variables from backend\functions\.env 
[debug] [2026-09-15T11:59:23.478Z] [worker-pool] addWorker(us-central1-analisarVideo) {"metadata":{"emulator":{"name":"functions"},"message":"[worker-pool] addWorker(us-central1-analisarVideo)"}}
[debug] [2026-09-15T11:59:23.480Z] [worker-pool] Adding worker with key us-central1-analisarVideo, total=1 {"metadata":{"emulator":{"name":"functions"},"message":"[worker-pool] Adding worker with key us-central1-analisarVideo, total=1"}}
[debug] [2026-09-15T11:59:24.234Z] [runtime-status] [12780] Resolved module firebase-admin {"declared":true,"installed":true,"version":"11.11.1","resolution":"C:\\Users\\Vinicius Santos\\Documents\\GitHub\\Vigia Pet\\backend\\functions\\node_modules\\firebase-admin\\lib\\index.js"} {"metadata":{"emulator":{"name":"functions"},"function":{"name":"us-central1-analisarVideo"},"extension":{},"message":"[runtime-status] [12780] Resolved module firebase-admin {\"declared\":true,\"installed\":true,\"version\":\"11.11.1\",\"resolution\":\"C:\\\\Users\\\\Vinicius Santos\\\\Documents\\\\GitHub\\\\Vigia Pet\\\\backend\\\\functions\\\\node_modules\\\\firebase-admin\\\\lib\\\\index.js\"}"}}
[debug] [2026-09-15T11:59:24.235Z] [runtime-status] [12780] Resolved module firebase-functions {"declared":true,"installed":true,"version":"4.9.0","resolution":"C:\\Users\\Vinicius Santos\\Documents\\GitHub\\Vigia Pet\\backend\\functions\\node_modules\\firebase-functions\\lib\\v1\\index.js"} {"metadata":{"emulator":{"name":"functions"},"function":{"name":"us-central1-analisarVideo"},"extension":{},"message":"[runtime-status] [12780] Resolved module firebase-functions {\"declared\":true,\"installed\":true,\"version\":\"4.9.0\",\"resolution\":\"C:\\\\Users\\\\Vinicius Santos\\\\Documents\\\\GitHub\\\\Vigia Pet\\\\backend\\\\functions\\\\node_modules\\\\firebase-functions\\\\lib\\\\v1\\\\index.js\"}"}}
[debug] [2026-09-15T11:59:24.235Z] [runtime-status] [12780] Outgoing network have been stubbed. [{"name":"http","status":"mocked"},{"name":"http","status":"mocked"},{"name":"https","status":"mocked"},{"name":"https","status":"mocked"},{"name":"net","status":"mocked"}] {"metadata":{"emulator":{"name":"functions"},"function":{"name":"us-central1-analisarVideo"},"extension":{},"message":"[runtime-status] [12780] Outgoing network have been stubbed. [{\"name\":\"http\",\"status\":\"mocked\"},{\"name\":\"http\",\"status\":\"mocked\"},{\"name\":\"https\",\"status\":\"mocked\"},{\"name\":\"https\",\"status\":\"mocked\"},{\"name\":\"net\",\"status\":\"mocked\"}]"}}
[debug] [2026-09-15T11:59:24.235Z] [runtime-status] [12780] Resolved module firebase-functions {"declared":true,"installed":true,"version":"4.9.0","resolution":"C:\\Users\\Vinicius Santos\\Documents\\GitHub\\Vigia Pet\\backend\\functions\\node_modules\\firebase-functions\\lib\\v1\\index.js"} {"metadata":{"emulator":{"name":"functions"},"function":{"name":"us-central1-analisarVideo"},"extension":{},"message":"[runtime-status] [12780] Resolved module firebase-functions {\"declared\":true,\"installed\":true,\"version\":\"4.9.0\",\"resolution\":\"C:\\\\Users\\\\Vinicius Santos\\\\Documents\\\\GitHub\\\\Vigia Pet\\\\backend\\\\functions\\\\node_modules\\\\firebase-functions\\\\lib\\\\v1\\\\index.js\"}"}}
[debug] [2026-09-15T11:59:24.343Z] [runtime-status] [12780] Resolved module firebase-admin {"declared":true,"installed":true,"version":"11.11.1","resolution":"C:\\Users\\Vinicius Santos\\Documents\\GitHub\\Vigia Pet\\backend\\functions\\node_modules\\firebase-admin\\lib\\index.js"} {"metadata":{"emulator":{"name":"functions"},"function":{"name":"us-central1-analisarVideo"},"extension":{},"message":"[runtime-status] [12780] Resolved module firebase-admin {\"declared\":true,\"installed\":true,\"version\":\"11.11.1\",\"resolution\":\"C:\\\\Users\\\\Vinicius Santos\\\\Documents\\\\GitHub\\\\Vigia Pet\\\\backend\\\\functions\\\\node_modules\\\\firebase-admin\\\\lib\\\\index.js\"}"}}
[debug] [2026-09-15T11:59:24.345Z] [runtime-status] [12780] Resolved module firebase-functions {"declared":true,"installed":true,"version":"4.9.0","resolution":"C:\\Users\\Vinicius Santos\\Documents\\GitHub\\Vigia Pet\\backend\\functions\\node_modules\\firebase-functions\\lib\\v1\\index.js"} {"metadata":{"emulator":{"name":"functions"},"function":{"name":"us-central1-analisarVideo"},"extension":{},"message":"[runtime-status] [12780] Resolved module firebase-functions {\"declared\":true,\"installed\":true,\"version\":\"4.9.0\",\"resolution\":\"C:\\\\Users\\\\Vinicius Santos\\\\Documents\\\\GitHub\\\\Vigia Pet\\\\backend\\\\functions\\\\node_modules\\\\firebase-functions\\\\lib\\\\v1\\\\index.js\"}"}}
[debug] [2026-09-15T11:59:24.415Z] [runtime-status] [12780] firebase-admin has been stubbed. {"adminResolution":{"declared":true,"installed":true,"version":"11.11.1","resolution":"C:\\Users\\Vinicius Santos\\Documents\\GitHub\\Vigia Pet\\backend\\functions\\node_modules\\firebase-admin\\lib\\index.js"}} {"metadata":{"emulator":{"name":"functions"},"function":{"name":"us-central1-analisarVideo"},"extension":{},"message":"[runtime-status] [12780] firebase-admin has been stubbed. {\"adminResolution\":{\"declared\":true,\"installed\":true,\"version\":\"11.11.1\",\"resolution\":\"C:\\\\Users\\\\Vinicius Santos\\\\Documents\\\\GitHub\\\\Vigia Pet\\\\backend\\\\functions\\\\node_modules\\\\firebase-admin\\\\lib\\\\index.js\"}}"}}
[info] >  🔑 GEMINI_API_KEY carregada: ✅ Sim {"user":"🔑 GEMINI_API_KEY carregada: ✅ Sim","metadata":{"emulator":{"name":"functions"},"function":{"name":"us-central1-analisarVideo"},"extension":{},"message":"\u001b[90m> \u001b[39m 🔑 GEMINI_API_KEY carregada: ✅ Sim"}}
[debug] [2026-09-15T11:59:24.422Z] [runtime-status] [12780] initializeApp(DEFAULT) {"storageBucket":"vigia-pet.firebasestorage.app","projectId":"vigia-pet"} {"metadata":{"emulator":{"name":"functions"},"function":{"name":"us-central1-analisarVideo"},"extension":{},"message":"[runtime-status] [12780] initializeApp(DEFAULT) {\"storageBucket\":\"vigia-pet.firebasestorage.app\",\"projectId\":\"vigia-pet\"}"}}
[warn] !  functions: The Cloud Firestore emulator is not running, so calls to Firestore will affect production. {"metadata":{"emulator":{"name":"functions"},"function":{"name":"us-central1-analisarVideo"},"extension":{},"message":"The Cloud Firestore emulator is not running, so calls to Firestore will affect production."}}
[info] >  ✅ Functions carregadas! {"user":"✅ Functions carregadas!","metadata":{"emulator":{"name":"functions"},"function":{"name":"us-central1-analisarVideo"},"extension":{},"message":"\u001b[90m> \u001b[39m ✅ Functions carregadas!"}}
[debug] [2026-09-15T11:59:24.429Z] [runtime-status] [12780] Functions runtime initialized. {"cwd":"C:\\Users\\Vinicius Santos\\Documents\\GitHub\\Vigia Pet\\backend\\functions","node_version":"22.21.1"} {"metadata":{"emulator":{"name":"functions"},"function":{"name":"us-central1-analisarVideo"},"extension":{},"message":"[runtime-status] [12780] Functions runtime initialized. {\"cwd\":\"C:\\\\Users\\\\Vinicius Santos\\\\Documents\\\\GitHub\\\\Vigia Pet\\\\backend\\\\functions\",\"node_version\":\"22.21.1\"}"}}
[debug] [2026-09-15T11:59:24.429Z] [runtime-status] [12780] Listening to port: \\?\pipe\fire_emu_85b604d511b710b0 {"metadata":{"emulator":{"name":"functions"},"function":{"name":"us-central1-analisarVideo"},"extension":{},"message":"[runtime-status] [12780] Listening to port: \\\\?\\pipe\\fire_emu_85b604d511b710b0"}}
[debug] [2026-09-15T11:59:24.493Z] [worker-us-central1-analisarVideo-8f69d2ca-3e10-4c32-aa10-7607978aa701]: IDLE {"metadata":{"emulator":{"name":"functions"},"function":{"name":"us-central1-analisarVideo"},"extension":{},"message":"[worker-us-central1-analisarVideo-8f69d2ca-3e10-4c32-aa10-7607978aa701]: IDLE"}}
[debug] [2026-09-15T11:59:24.494Z] [worker-pool] submitRequest(triggerId=us-central1-analisarVideo) {"metadata":{"emulator":{"name":"functions"},"message":"[worker-pool] submitRequest(triggerId=us-central1-analisarVideo)"}}
[info] i  functions: Beginning execution of "us-central1-analisarVideo" {"metadata":{"emulator":{"name":"functions"},"function":{"name":"us-central1-analisarVideo"},"extension":{},"message":"Beginning execution of \"us-central1-analisarVideo\""}}
[debug] [2026-09-15T11:59:24.494Z] [worker-us-central1-analisarVideo-8f69d2ca-3e10-4c32-aa10-7607978aa701]: BUSY {"metadata":{"emulator":{"name":"functions"},"function":{"name":"us-central1-analisarVideo"},"extension":{},"message":"[worker-us-central1-analisarVideo-8f69d2ca-3e10-4c32-aa10-7607978aa701]: BUSY"}}
[info] >  {"verifications":{"app":"MISSING","auth":"MISSING"},"logging.googleapis.com/labels":{"firebase-log-type":"callable-request-verification"},"severity":"DEBUG","message":"Callable request verification passed"} {"user":{"verifications":{"app":"MISSING","auth":"MISSING"},"logging.googleapis.com/labels":{"firebase-log-type":"callable-request-verification"},"severity":"DEBUG","message":"Callable request verification passed"},"metadata":{"emulator":{"name":"functions"},"function":{"name":"us-central1-analisarVideo"},"extension":{},"message":"\u001b[90m> \u001b[39m {\"verifications\":{\"app\":\"MISSING\",\"auth\":\"MISSING\"},\"logging.googleapis.com/labels\":{\"firebase-log-type\":\"callable-request-verification\"},\"severity\":\"DEBUG\",\"message\":\"Callable request verification passed\"}"}}
[info] >  📥 Função analisarVideo chamada {"user":"📥 Função analisarVideo chamada","metadata":{"emulator":{"name":"functions"},"function":{"name":"us-central1-analisarVideo"},"extension":{},"message":"\u001b[90m> \u001b[39m 📥 Função analisarVideo chamada"}}
[info] >  📦 Dados recebidos: {"videoUrl":"https://www.youtube.com/watch?v=Ph-jIKt7fZQ"} {"user":"📦 Dados recebidos: {\"videoUrl\":\"https://www.youtube.com/watch?v=Ph-jIKt7fZQ\"}","metadata":{"emulator":{"name":"functions"},"function":{"name":"us-central1-analisarVideo"},"extension":{},"message":"\u001b[90m> \u001b[39m 📦 Dados recebidos: {\"videoUrl\":\"https://www.youtube.com/watch?v=Ph-jIKt7fZQ\"}"}}
[info] >  🎯 Analisando vídeo: https://www.youtube.com/watch?v=Ph-jIKt7fZQ {"user":"🎯 Analisando vídeo: https://www.youtube.com/watch?v=Ph-jIKt7fZQ","metadata":{"emulator":{"name":"functions"},"function":{"name":"us-central1-analisarVideo"},"extension":{},"message":"\u001b[90m> \u001b[39m 🎯 Analisando vídeo: https://www.youtube.com/watch?v=Ph-jIKt7fZQ"}}
